Parsed test spec with 2 sessions

starting permutation: s1_insert_not_spqr s1_insert_d s1_insert_ref s2_drop_extension s1_insert_not_spqr s1_insert_d s1_insert_ref
step s1_insert_not_spqr: INSERT INTO not_spqr_t(i) VALUES (1);
step s1_insert_d: INSERT INTO spqr_d_t(i) VALUES (1);
step s1_insert_ref: INSERT INTO spqr_ref_t(i) VALUES (1);
s1: WARNING:  table spqr_metadata.spqr_global_settings does not exist
s1: WARNING:  table spqr_metadata.spqr_global_settings does not exist
s1: WARNING:  table spqr_metadata.spqr_global_settings does not exist
s1: WARNING:  table spqr_metadata.spqr_distributed_relations does not exist
s1: WARNING:  table spqr_metadata.spqr_reference_relations does not exist
s1: WARNING:  table spqr_metadata.spqr_transferred_reference_relations does not exist
step s1_insert_not_spqr: INSERT INTO not_spqr_t(i) VALUES (1);
s1: WARNING:  table spqr_metadata.spqr_global_settings does not exist
s1: WARNING:  table spqr_metadata.spqr_global_settings does not exist
s1: WARNING:  table spqr_metadata.spqr_global_settings does not exist
s1: WARNING:  table spqr_metadata.spqr_distributed_relations does not exist
s1: WARNING:  table spqr_metadata.spqr_reference_relations does not exist
s1: WARNING:  table spqr_metadata.spqr_transferred_reference_relations does not exist
step s1_insert_d: INSERT INTO spqr_d_t(i) VALUES (1);
s1: WARNING:  table spqr_metadata.spqr_global_settings does not exist
s1: WARNING:  table spqr_metadata.spqr_global_settings does not exist
s1: WARNING:  table spqr_metadata.spqr_global_settings does not exist
s1: WARNING:  table spqr_metadata.spqr_distributed_relations does not exist
s1: WARNING:  table spqr_metadata.spqr_reference_relations does not exist
s1: WARNING:  table spqr_metadata.spqr_transferred_reference_relations does not exist
step s1_insert_ref: INSERT INTO spqr_ref_t(i) VALUES (1);
