CREATE EXTENSION spqrguard;
CREATE ROLE spqrguard_reader;
CREATE TABLE spqr_d_t(i INT);
SELECT spqr_metadata.mark_distributed_relation ('spqr_d_t');
 mark_distributed_relation 
---------------------------
 
(1 row)

SET ROLE spqrguard_reader;
SELECT count(*) FROM spqr_metadata.spqr_distributed_relations;
 count 
-------
     1
(1 row)

SELECT count(*) FROM spqr_metadata.spqr_reference_relations;
 count 
-------
     0
(1 row)

SELECT count(*) FROM spqr_metadata.spqr_transferred_reference_relations;
 count 
-------
     0
(1 row)

SELECT count(*) FROM spqr_metadata.spqr_local_key_ranges;
 count 
-------
     0
(1 row)

SELECT count(*) FROM spqr_metadata.spqr_global_settings;
 count 
-------
     0
(1 row)

SELECT count(*) FROM spqr_metadata.spqr_tx_status;
 count 
-------
     0
(1 row)

-- read-only: metadata modification is still denied
INSERT INTO spqr_metadata.spqr_distributed_relations VALUES (0);
ERROR:  permission denied for table spqr_distributed_relations
SELECT spqr_metadata.unmark_distributed_relation ('spqr_d_t');
ERROR:  permission denied for table spqr_distributed_relations
CONTEXT:  SQL function "unmark_distributed_relation" statement 1
RESET ROLE;
SELECT spqr_metadata.unmark_distributed_relation ('spqr_d_t');
 unmark_distributed_relation 
-----------------------------
 
(1 row)

DROP TABLE spqr_d_t;
DROP ROLE spqrguard_reader;
DROP EXTENSION spqrguard;
