set allow_system_table_mods to true;
CREATE EXTENSION spqrguard;
CREATE TABLE not_spqr_t(i INT);
CREATE TABLE spqr_d_t(i INT);
CREATE TABLE spqr_ref_t(i INT);
SELECT spqr_metadata.mark_distributed_relation ('spqr_d_t');
 mark_distributed_relation 
---------------------------
 
(1 row)

SELECT spqr_metadata.mark_reference_relation ('spqr_ref_t');
 mark_reference_relation 
-------------------------
 
(1 row)

INSERT INTO not_spqr_t VALUES (1);
INSERT INTO spqr_d_t VALUES (1);
INSERT INTO spqr_ref_t VALUES (1);
SET spqrguard.prevent_distributed_table_modify TO 'on';
INSERT INTO not_spqr_t VALUES (2);
INSERT INTO spqr_d_t VALUES (2);
ERROR:  unable to modify SPQR distributed relation within read-only transaction
SELECT spqr_metadata.unmark_distributed_relation ('spqr_d_t');
 unmark_distributed_relation 
-----------------------------
 
(1 row)

INSERT INTO spqr_d_t VALUES (3);
SET spqrguard.prevent_distributed_table_modify TO 'off';
SET spqrguard.prevent_reference_table_modify TO 'on';
INSERT INTO spqr_ref_t VALUES (2);
ERROR:  unable to modify SPQR reference relation within read-only transaction
SELECT spqr_metadata.unmark_reference_relation ('spqr_ref_t');
 unmark_reference_relation 
---------------------------
 
(1 row)

INSERT INTO spqr_ref_t VALUES (3);
DROP TABLE not_spqr_t, spqr_d_t, spqr_ref_t;
DROP EXTENSION spqrguard;
